// Jest Snapshot v1, https://goo.gl/fbAQLP

exports[`Answer Component renders correctly 1`] = `
<div
  className="answer-box"
  onClick={[Function]}
>
  <p />
</div>
`;
